******************************************************************************
                  MSP430 Linker PC v4.1.1                      
******************************************************************************
>> Linked Sun Dec 09 16:58:07 2012

OUTPUT FILE NAME:   <beta.out>
ENTRY POINT SYMBOL: "_c_int00"  address: 0000c768


MEMORY CONFIGURATION

         name            origin    length      used     unused   attr    fill
----------------------  --------  ---------  --------  --------  ----  --------
  SFR                   00000000   00000010  00000000  00000010  RWIX
  PERIPHERALS_8BIT      00000010   000000f0  00000000  000000f0  RWIX
  PERIPHERALS_16BIT     00000100   00000100  00000000  00000100  RWIX
  RAM                   00000200   00000200  000000e1  0000011f  RWIX
  INFOD                 00001000   00000040  00000000  00000040  RWIX
  INFOC                 00001040   00000040  00000000  00000040  RWIX
  INFOB                 00001080   00000040  00000000  00000040  RWIX
  INFOA                 000010c0   00000040  00000000  00000040  RWIX
  FLASH                 0000c000   00003fe0  000012fe  00002ce2  RWIX
  INT00                 0000ffe0   00000002  00000000  00000002  RWIX
  INT01                 0000ffe2   00000002  00000000  00000002  RWIX
  INT02                 0000ffe4   00000002  00000002  00000000  RWIX
  INT03                 0000ffe6   00000002  00000000  00000002  RWIX
  INT04                 0000ffe8   00000002  00000000  00000002  RWIX
  INT05                 0000ffea   00000002  00000002  00000000  RWIX
  INT06                 0000ffec   00000002  00000000  00000002  RWIX
  INT07                 0000ffee   00000002  00000002  00000000  RWIX
  INT08                 0000fff0   00000002  00000000  00000002  RWIX
  INT09                 0000fff2   00000002  00000000  00000002  RWIX
  INT10                 0000fff4   00000002  00000000  00000002  RWIX
  INT11                 0000fff6   00000002  00000000  00000002  RWIX
  INT12                 0000fff8   00000002  00000000  00000002  RWIX
  INT13                 0000fffa   00000002  00000002  00000000  RWIX
  INT14                 0000fffc   00000002  00000000  00000002  RWIX
  RESET                 0000fffe   00000002  00000002  00000000  RWIX


SECTION ALLOCATION MAP

 output                                  attributes/
section   page    origin      length       input sections
--------  ----  ----------  ----------   ----------------
xdc.meta   0    00000000    000000d6     COPY SECTION
                  00000000    000000d6     main_pe430.oe430 (xdc.meta)

.init_array 
*          0    0000c000    00000000     UNINITIALIZED

.data      0    00000200    0000005b     
                  00000200    00000028     fuzzy.obj (.data:in1_mf)
                  00000228    00000018     TASK_manager.obj (.data:task)
                  00000240    0000000a     fuzzy.obj (.data:out_mf)
                  0000024a    0000000a     fuzzy.obj (.data:rules)
                  00000254    00000003     ADC_module.obj (.data)
                  00000257    00000001     --HOLE--
                  00000258    00000002     Communication.obj (.data)
                  0000025a    00000001     main.obj (.data)

.TI.persistent 
*          0    00000200    00000000     UNINITIALIZED

.bss       0    0000025c    00000046     UNINITIALIZED
                  0000025c    00000022     Communication.obj (.bss)
                  0000027e    0000001a     main.obj (.bss)
                  00000298    0000000a     ADC_module.obj (.bss)

.TI.noinit 
*          0    0000025c    00000000     UNINITIALIZED

.stack     0    000003c0    00000040     UNINITIALIZED
                  000003c0    00000002     ti.targets.msp430.rts430.ae430 : boot.oe430 (.stack)
                  000003c2    0000003e     --HOLE--

.text      0    0000c000    00000a76     
                  0000c000    000001b4     Interpreter.obj (.text:interpret)
                  0000c1b4    00000090     Communication.obj (.text:serial_putnr)
                  0000c244    00000084     fuzzy.obj (.text:fuzzy_controller)
                  0000c2c8    00000076     fuzzy.obj (.text:map_mf)
                  0000c33e    0000006a     ti.targets.msp430.rts430.ae430 : autoinit.oe430 (.text:_auto_init)
                  0000c3a8    00000064     TASK_manager.obj (.text:Timer1ACCR0ISRHandler)
                  0000c40c    0000005e     rts430_eabi.lib : copy_decompress_rle.obj (.text:__TI_decompress_rle_core)
                  0000c46a    00000058                     : div32u.obj (.text)
                  0000c4c2    00000050     main.obj (.text:main)
                  0000c512    00000040     rts430_eabi.lib : div32s.obj (.text)
                  0000c552    0000003c     csl.lib : GPIO_init.obj (.text:GPIO_init)
                  0000c58e    00000038     Communication.obj (.text:read_cmd)
                  0000c5c6    00000036     Communication.obj (.text:serial_put_signal)
                  0000c5fc    00000034     ADC_module.obj (.text:adc_get_avg_result)
                  0000c630    00000032     csl.lib : BCSplus_init.obj (.text:BCSplus_init)
                  0000c662    00000030     TASK_manager.obj (.text:task_test1)
                  0000c692    0000002c     Communication.obj (.text:USCIA0RXISRHandler)
                  0000c6be    0000002c     ADC_module.obj (.text:get_speed)
                  0000c6ea    0000002c     rts430_eabi.lib : div16s.obj (.text)
                  0000c716    0000002a     main.obj (.text:Port1ISRHandler)
                  0000c740    00000028     csl.lib : CSL_init.obj (.text:CSL_init)
                  0000c768    00000026     ti.targets.msp430.rts430.ae430 : boot.oe430 (.text:_c_int00_noexit)
                  0000c78e    00000026     PWM_module.obj (.text:pwm_set_percent)
                  0000c7b4    00000026     rts430_eabi.lib : mult32.obj (.text)
                  0000c7da    00000026     TASK_manager.obj (.text:task_disable)
                  0000c800    00000022     csl.lib : USCI_A0_init.obj (.text:USCI_A0_init)
                  0000c822    00000022     rts430_eabi.lib : mult1632.obj (.text:__mpyul)
                  0000c844    00000022     ADC_module.obj (.text:potentiometer)
                  0000c866    0000001e     Communication.obj (.text:serial_putstr)
                  0000c884    0000001c     csl.lib : ADC10_init.obj (.text:ADC10_init)
                  0000c8a0    0000001a             : CSL_init.obj (.text:ADC10_ISR_HOOK)
                  0000c8ba    0000001a             : CSL_init.obj (.text:PORT1_ISR_HOOK)
                  0000c8d4    0000001a             : CSL_init.obj (.text:TIMER1_A0_ISR_HOOK)
                  0000c8ee    0000001a             : CSL_init.obj (.text:USCI0RX_ISR_HOOK)
                  0000c908    0000001a     TASK_manager.obj (.text:task_enable)
                  0000c922    0000001a     TASK_manager.obj (.text:task_set_period)
                  0000c93c    00000018     ADC_module.obj (.text:voltage)
                  0000c954    00000016     PWM_module.obj (.text:pwm_set_raw)
                  0000c96a    00000016     rts430_eabi.lib : div16u.obj (.text)
                  0000c980    00000014     csl.lib : Timer0_A3_init.obj (.text:Timer0_A3_init)
                  0000c994    00000014             : Timer1_A3_init.obj (.text:Timer1_A3_init)
                  0000c9a8    00000014     ADC_module.obj (.text:adc_get_last_result)
                  0000c9bc    00000014     rts430_eabi.lib : copy_zero_init.obj (.text:decompress:ZI:__TI_zero_init)
                  0000c9d0    00000014                     : mult16.obj (.text)
                  0000c9e4    00000012                     : copy_decompress_none.obj (.text:decompress:none:__TI_decompress_none)
                  0000c9f6    00000012                     : memcpy.obj (.text:memcpy)
                  0000ca08    00000010                     : epilog.obj (.text)
                  0000ca18    00000010     ADC_module.obj (.text:set_sample_size)
                  0000ca28    0000000c     ADC_module.obj (.text:ADC10ISRHandler)
                  0000ca34    0000000c     csl.lib : System_init.obj (.text:System_init)
                  0000ca40    0000000c     Communication.obj (.text:serial_putc)
                  0000ca4c    00000008     csl.lib : WDTplus_init.obj (.text:WDTplus_init)
                  0000ca54    00000008     ADC_module.obj (.text:get_distance)
                  0000ca5c    00000006     ADC_module.obj (.text:adc_start)
                  0000ca62    00000006     rts430_eabi.lib : copy_decompress_rle.obj (.text:decompress:rle24:__TI_decompress_rle24)
                  0000ca68    00000006     main.obj (.text:led_off)
                  0000ca6e    00000004     ti.targets.msp430.rts430.ae430 : pre_init.oe430 (.text:_system_pre_init)
                  0000ca72    00000004     rts430_eabi.lib : exit.obj (.text:abort)

.const     0    0000ca76    00000818     
                  0000ca76    00000800     ADC_module.obj (.const:lookup)
                  0000d276    00000010     Interpreter.obj (.const:.string)
                  0000d286    00000004     Communication.obj (.const:.string)
                  0000d28a    00000004     TASK_manager.obj (.const:.string)

.cinit     0    0000d28e    00000070     
                  0000d28e    0000005d     (.cinit..data.load) [load image, compression = rle]
                  0000d2eb    00000001     --HOLE-- [fill = 0]
                  0000d2ec    00000006     (__TI_handler_table)
                  0000d2f2    00000004     (.cinit..bss.load) [load image, compression = zero_init]
                  0000d2f6    00000008     (__TI_cinit_table)

PORT1      0    0000ffe4    00000002     
                  0000ffe4    00000002     csl.lib : CSL_init.obj (.int02)

ADC10      0    0000ffea    00000002     
                  0000ffea    00000002     csl.lib : CSL_init.obj (.int05)

USCIAB0RX 
*          0    0000ffee    00000002     
                  0000ffee    00000002     csl.lib : CSL_init.obj (.int07)

TIMER1_A0 
*          0    0000fffa    00000002     
                  0000fffa    00000002     csl.lib : CSL_init.obj (.int13)

.reset     0    0000fffe    00000002     
                  0000fffe    00000002     ti.targets.msp430.rts430.ae430 : boot.oe430 (.reset)


LINKER GENERATED COPY TABLES

__TI_cinit_table @ 0000d2f6 records: 2, size/record: 4, table size: 8
	.data: load addr=0000d28e, load size=0000005d bytes, run addr=00000200, run size=0000005b bytes, compression=rle
	.bss: load addr=0000d2f2, load size=00000004 bytes, run addr=0000025c, run size=00000046 bytes, compression=zero_init


LINKER GENERATED HANDLER TABLE

__TI_handler_table @ 0000d2ec records: 3, size/record: 2, table size: 6
	index: 0, handler: __TI_zero_init
	index: 1, handler: __TI_decompress_rle24
	index: 2, handler: __TI_decompress_none


GLOBAL SYMBOLS: SORTED ALPHABETICALLY BY Name 

address    name
--------   ----
0000004a   ADC10AE0
000001b0   ADC10CTL0
000001b2   ADC10CTL1
00000048   ADC10DTC0
00000049   ADC10DTC1
0000ca28   ADC10ISRHandler
000001b4   ADC10MEM
000001bc   ADC10SA
0000c8a0   ADC10_ISR_HOOK
0000c884   ADC10_init
00000057   BCSCTL1
00000058   BCSCTL2
00000053   BCSCTL3
0000c630   BCSplus_init
0000ca72   C$$EXIT
00000059   CACTL1
0000005a   CACTL2
000010fb   CALBC1_12MHZ
000010f9   CALBC1_16MHZ
000010ff   CALBC1_1MHZ
000010fd   CALBC1_8MHZ
000010fa   CALDCO_12MHZ
000010f8   CALDCO_16MHZ
000010fe   CALDCO_1MHZ
000010fc   CALDCO_8MHZ
0000005b   CAPD
0000c740   CSL_init
00000056   DCOCTL
00000128   FCTL1
0000012a   FCTL2
0000012c   FCTL3
0000c552   GPIO_init
00000000   IE1
00000001   IE2
00000002   IFG1
00000003   IFG2
00000022   P1DIR
00000025   P1IE
00000024   P1IES
00000023   P1IFG
00000020   P1IN
00000021   P1OUT
00000027   P1REN
00000026   P1SEL
00000041   P1SEL2
0000002a   P2DIR
0000002d   P2IE
0000002c   P2IES
0000002b   P2IFG
00000028   P2IN
00000029   P2OUT
0000002f   P2REN
0000002e   P2SEL
00000042   P2SEL2
0000001a   P3DIR
00000018   P3IN
00000019   P3OUT
00000010   P3REN
0000001b   P3SEL
00000043   P3SEL2
0000c8ba   PORT1_ISR_HOOK
0000c716   Port1ISRHandler
0000ca34   System_init
00000172   TA0CCR0
00000174   TA0CCR1
00000176   TA0CCR2
00000162   TA0CCTL0
00000164   TA0CCTL1
00000166   TA0CCTL2
00000160   TA0CTL
0000012e   TA0IV
00000170   TA0R
00000192   TA1CCR0
00000194   TA1CCR1
00000196   TA1CCR2
00000182   TA1CCTL0
00000184   TA1CCTL1
00000186   TA1CCTL2
00000180   TA1CTL
0000011e   TA1IV
00000190   TA1R
0000c8d4   TIMER1_A0_ISR_HOOK
0000c980   Timer0_A3_init
0000c3a8   Timer1ACCR0ISRHandler
0000c994   Timer1_A3_init
0000005d   UCA0ABCTL
00000062   UCA0BR0
00000063   UCA0BR1
00000060   UCA0CTL0
00000061   UCA0CTL1
0000005f   UCA0IRRCTL
0000005e   UCA0IRTCTL
00000064   UCA0MCTL
00000066   UCA0RXBUF
00000065   UCA0STAT
00000067   UCA0TXBUF
0000006a   UCB0BR0
0000006b   UCB0BR1
00000068   UCB0CTL0
00000069   UCB0CTL1
0000006c   UCB0I2CIE
00000118   UCB0I2COA
0000011a   UCB0I2CSA
0000006e   UCB0RXBUF
0000006d   UCB0STAT
0000006f   UCB0TXBUF
0000c8ee   USCI0RX_ISR_HOOK
0000c692   USCIA0RXISRHandler
0000c800   USCI_A0_init
00000120   WDTCTL
0000ca4c   WDTplus_init
00000000   __ASM__
0000004c   __ISA__
0000005e   __PLAT__
00000400   __STACK_END
00000040   __STACK_SIZE
00000082   __TARG__
0000d2f6   __TI_CINIT_Base
0000d2fe   __TI_CINIT_Limit
0000d2ec   __TI_Handler_Table_Base
0000d2f2   __TI_Handler_Table_Limit
UNDEFED    __TI_INITARRAY_Base
UNDEFED    __TI_INITARRAY_Limit
00000001   __TI_args_main
0000c9e4   __TI_decompress_none
0000ca62   __TI_decompress_rle24
00000001   __TI_exit
0000c9bc   __TI_zero_init
000000ae   __TRDR__
ffffffff   __binit__
ffffffff   __c_args__
0000c6ea   __mspabi_divi
0000c512   __mspabi_divli
0000c96a   __mspabi_divu
0000c46a   __mspabi_divul
0000ca14   __mspabi_func_epilog_1
0000ca12   __mspabi_func_epilog_2
0000ca10   __mspabi_func_epilog_3
0000ca0e   __mspabi_func_epilog_4
0000ca0c   __mspabi_func_epilog_5
0000ca0a   __mspabi_func_epilog_6
0000ca08   __mspabi_func_epilog_7
0000c9d0   __mspabi_mpyi
0000c7b4   __mspabi_mpyl
0000c822   __mspabi_mpyul
0000c6ea   __mspabi_remi
0000c512   __mspabi_remli
0000c96a   __mspabi_remu
0000c46a   __mspabi_remul
0000c33e   _auto_init
0000c768   _c_int00
0000c768   _c_int00_noexit
0000fffe   _reset_vector
000003c0   _stack
0000ca6e   _system_pre_init
0000ca72   abort
0000029c   adc_buffer
0000c5fc   adc_get_avg_result
0000c9a8   adc_get_last_result
0000ca5c   adc_start
00000256   b_pointer
ffffffff   binit
0000025a   btnState
0000027e   cmd
0000025c   cmd_buffer
00000259   cmd_recv
000002a0   current_speed
00000274   digit
0000c244   fuzzy_controller
0000ca54   get_distance
0000c6be   get_speed
00000200   in1_mf
00000258   index_p
0000c000   interpret
0000ca68   led_off
0000ca76   lookup
0000c4c2   main
0000c2c8   map_mf
0000c9f6   memcpy
00000255   nr_samples
00000240   out_mf
0000c844   potentiometer
0000c78e   pwm_set_percent
0000c954   pwm_set_raw
0000c58e   read_cmd
00000254   regulatorFlag
00000298   result
0000029a   result_tmp
0000024a   rules
0000c5c6   serial_put_signal
0000ca40   serial_putc
0000c1b4   serial_putnr
0000c866   serial_putstr
0000ca18   set_sample_size
0000029e   speed_buffer
00000296   target
00000228   task
0000c7da   task_disable
0000c908   task_enable
0000c922   task_set_period
0000c662   task_test1
0000c93c   voltage
00000000   xdc_runtime_Startup__EXECFXN__C
00000000   xdc_runtime_Startup__RESETFXN__C
00000000   xdc_runtime_Startup_exec__E
00000000   xdc_runtime_Startup_reset__I


GLOBAL SYMBOLS: SORTED BY Symbol Address 

address    name
--------   ----
00000000   IE1
00000000   __ASM__
00000000   xdc_runtime_Startup__EXECFXN__C
00000000   xdc_runtime_Startup__RESETFXN__C
00000000   xdc_runtime_Startup_exec__E
00000000   xdc_runtime_Startup_reset__I
00000001   IE2
00000001   __TI_args_main
00000001   __TI_exit
00000002   IFG1
00000003   IFG2
00000010   P3REN
00000018   P3IN
00000019   P3OUT
0000001a   P3DIR
0000001b   P3SEL
00000020   P1IN
00000021   P1OUT
00000022   P1DIR
00000023   P1IFG
00000024   P1IES
00000025   P1IE
00000026   P1SEL
00000027   P1REN
00000028   P2IN
00000029   P2OUT
0000002a   P2DIR
0000002b   P2IFG
0000002c   P2IES
0000002d   P2IE
0000002e   P2SEL
0000002f   P2REN
00000040   __STACK_SIZE
00000041   P1SEL2
00000042   P2SEL2
00000043   P3SEL2
00000048   ADC10DTC0
00000049   ADC10DTC1
0000004a   ADC10AE0
0000004c   __ISA__
00000053   BCSCTL3
00000056   DCOCTL
00000057   BCSCTL1
00000058   BCSCTL2
00000059   CACTL1
0000005a   CACTL2
0000005b   CAPD
0000005d   UCA0ABCTL
0000005e   UCA0IRTCTL
0000005e   __PLAT__
0000005f   UCA0IRRCTL
00000060   UCA0CTL0
00000061   UCA0CTL1
00000062   UCA0BR0
00000063   UCA0BR1
00000064   UCA0MCTL
00000065   UCA0STAT
00000066   UCA0RXBUF
00000067   UCA0TXBUF
00000068   UCB0CTL0
00000069   UCB0CTL1
0000006a   UCB0BR0
0000006b   UCB0BR1
0000006c   UCB0I2CIE
0000006d   UCB0STAT
0000006e   UCB0RXBUF
0000006f   UCB0TXBUF
00000082   __TARG__
000000ae   __TRDR__
00000118   UCB0I2COA
0000011a   UCB0I2CSA
0000011e   TA1IV
00000120   WDTCTL
00000128   FCTL1
0000012a   FCTL2
0000012c   FCTL3
0000012e   TA0IV
00000160   TA0CTL
00000162   TA0CCTL0
00000164   TA0CCTL1
00000166   TA0CCTL2
00000170   TA0R
00000172   TA0CCR0
00000174   TA0CCR1
00000176   TA0CCR2
00000180   TA1CTL
00000182   TA1CCTL0
00000184   TA1CCTL1
00000186   TA1CCTL2
00000190   TA1R
00000192   TA1CCR0
00000194   TA1CCR1
00000196   TA1CCR2
000001b0   ADC10CTL0
000001b2   ADC10CTL1
000001b4   ADC10MEM
000001bc   ADC10SA
00000200   in1_mf
00000228   task
00000240   out_mf
0000024a   rules
00000254   regulatorFlag
00000255   nr_samples
00000256   b_pointer
00000258   index_p
00000259   cmd_recv
0000025a   btnState
0000025c   cmd_buffer
00000274   digit
0000027e   cmd
00000296   target
00000298   result
0000029a   result_tmp
0000029c   adc_buffer
0000029e   speed_buffer
000002a0   current_speed
000003c0   _stack
00000400   __STACK_END
000010f8   CALDCO_16MHZ
000010f9   CALBC1_16MHZ
000010fa   CALDCO_12MHZ
000010fb   CALBC1_12MHZ
000010fc   CALDCO_8MHZ
000010fd   CALBC1_8MHZ
000010fe   CALDCO_1MHZ
000010ff   CALBC1_1MHZ
0000c000   interpret
0000c1b4   serial_putnr
0000c244   fuzzy_controller
0000c2c8   map_mf
0000c33e   _auto_init
0000c3a8   Timer1ACCR0ISRHandler
0000c46a   __mspabi_divul
0000c46a   __mspabi_remul
0000c4c2   main
0000c512   __mspabi_divli
0000c512   __mspabi_remli
0000c552   GPIO_init
0000c58e   read_cmd
0000c5c6   serial_put_signal
0000c5fc   adc_get_avg_result
0000c630   BCSplus_init
0000c662   task_test1
0000c692   USCIA0RXISRHandler
0000c6be   get_speed
0000c6ea   __mspabi_divi
0000c6ea   __mspabi_remi
0000c716   Port1ISRHandler
0000c740   CSL_init
0000c768   _c_int00
0000c768   _c_int00_noexit
0000c78e   pwm_set_percent
0000c7b4   __mspabi_mpyl
0000c7da   task_disable
0000c800   USCI_A0_init
0000c822   __mspabi_mpyul
0000c844   potentiometer
0000c866   serial_putstr
0000c884   ADC10_init
0000c8a0   ADC10_ISR_HOOK
0000c8ba   PORT1_ISR_HOOK
0000c8d4   TIMER1_A0_ISR_HOOK
0000c8ee   USCI0RX_ISR_HOOK
0000c908   task_enable
0000c922   task_set_period
0000c93c   voltage
0000c954   pwm_set_raw
0000c96a   __mspabi_divu
0000c96a   __mspabi_remu
0000c980   Timer0_A3_init
0000c994   Timer1_A3_init
0000c9a8   adc_get_last_result
0000c9bc   __TI_zero_init
0000c9d0   __mspabi_mpyi
0000c9e4   __TI_decompress_none
0000c9f6   memcpy
0000ca08   __mspabi_func_epilog_7
0000ca0a   __mspabi_func_epilog_6
0000ca0c   __mspabi_func_epilog_5
0000ca0e   __mspabi_func_epilog_4
0000ca10   __mspabi_func_epilog_3
0000ca12   __mspabi_func_epilog_2
0000ca14   __mspabi_func_epilog_1
0000ca18   set_sample_size
0000ca28   ADC10ISRHandler
0000ca34   System_init
0000ca40   serial_putc
0000ca4c   WDTplus_init
0000ca54   get_distance
0000ca5c   adc_start
0000ca62   __TI_decompress_rle24
0000ca68   led_off
0000ca6e   _system_pre_init
0000ca72   C$$EXIT
0000ca72   abort
0000ca76   lookup
0000d2ec   __TI_Handler_Table_Base
0000d2f2   __TI_Handler_Table_Limit
0000d2f6   __TI_CINIT_Base
0000d2fe   __TI_CINIT_Limit
0000fffe   _reset_vector
ffffffff   __binit__
ffffffff   __c_args__
ffffffff   binit
UNDEFED    __TI_INITARRAY_Base
UNDEFED    __TI_INITARRAY_Limit

[206 symbols]
