******************************************************************************
                  MSP430 Linker PC v4.1.1                      
******************************************************************************
>> Linked Tue Dec 18 13:35:45 2012

OUTPUT FILE NAME:   <final.out>
ENTRY POINT SYMBOL: "_c_int00"  address: 0000c5a2


MEMORY CONFIGURATION

         name            origin    length      used     unused   attr    fill
----------------------  --------  ---------  --------  --------  ----  --------
  SFR                   00000000   00000010  00000000  00000010  RWIX
  PERIPHERALS_8BIT      00000010   000000f0  00000000  000000f0  RWIX
  PERIPHERALS_16BIT     00000100   00000100  00000000  00000100  RWIX
  RAM                   00000200   00000200  00000139  000000c7  RWIX
  INFOD                 00001000   00000040  00000000  00000040  RWIX
  INFOC                 00001040   00000040  00000000  00000040  RWIX
  INFOB                 00001080   00000040  00000000  00000040  RWIX
  INFOA                 000010c0   00000040  00000000  00000040  RWIX
  FLASH                 0000c000   00003fe0  00001198  00002e48  RWIX
  INT00                 0000ffe0   00000002  00000000  00000002  RWIX
  INT01                 0000ffe2   00000002  00000000  00000002  RWIX
  INT02                 0000ffe4   00000002  00000002  00000000  RWIX
  INT03                 0000ffe6   00000002  00000000  00000002  RWIX
  INT04                 0000ffe8   00000002  00000000  00000002  RWIX
  INT05                 0000ffea   00000002  00000002  00000000  RWIX
  INT06                 0000ffec   00000002  00000000  00000002  RWIX
  INT07                 0000ffee   00000002  00000002  00000000  RWIX
  INT08                 0000fff0   00000002  00000000  00000002  RWIX
  INT09                 0000fff2   00000002  00000000  00000002  RWIX
  INT10                 0000fff4   00000002  00000000  00000002  RWIX
  INT11                 0000fff6   00000002  00000000  00000002  RWIX
  INT12                 0000fff8   00000002  00000000  00000002  RWIX
  INT13                 0000fffa   00000002  00000002  00000000  RWIX
  INT14                 0000fffc   00000002  00000000  00000002  RWIX
  RESET                 0000fffe   00000002  00000002  00000000  RWIX


SECTION ALLOCATION MAP

 output                                  attributes/
section   page    origin      length       input sections
--------  ----  ----------  ----------   ----------------
xdc.meta   0    00000000    000000dc     COPY SECTION
                  00000000    000000dc     main_pe430.oe430 (xdc.meta)

.init_array 
*          0    0000c000    00000000     UNINITIALIZED

.data      0    00000200    000000bb     
                  00000200    0000004b     fuzzy.obj (.data:rules)
                  0000024b    00000001     --HOLE--
                  0000024c    00000028     fuzzy.obj (.data:in1_mf)
                  00000274    00000028     fuzzy.obj (.data:in2_mf)
                  0000029c    00000010     TASK_manager.obj (.data:task)
                  000002ac    0000000a     fuzzy.obj (.data:out_mf)
                  000002b6    00000002     Communication.obj (.data)
                  000002b8    00000001     ADC_module.obj (.data)
                  000002b9    00000001     --HOLE--
                  000002ba    00000001     main.obj (.data)

.TI.persistent 
*          0    00000200    00000000     UNINITIALIZED

.bss       0    000002bc    0000003e     UNINITIALIZED
                  000002bc    00000022     Communication.obj (.bss)
                  000002de    0000001a     main.obj (.bss)
                  000002f8    00000002     ADC_module.obj (.bss)

.TI.noinit 
*          0    000002bc    00000000     UNINITIALIZED

.stack     0    000003c0    00000040     UNINITIALIZED
                  000003c0    00000002     ti.targets.msp430.rts430.ae430 : boot.oe430 (.stack)
                  000003c2    0000003e     --HOLE--

.text      0    0000c000    000008b8     
                  0000c000    00000168     Interpreter.obj (.text:interpret)
                  0000c168    000000b4     fuzzy.obj (.text:fuzzy_controller)
                  0000c21c    00000076     fuzzy.obj (.text:map_mf)
                  0000c292    0000006a     ti.targets.msp430.rts430.ae430 : autoinit.oe430 (.text:_auto_init)
                  0000c2fc    0000006a     main.obj (.text:main)
                  0000c366    00000060     TASK_manager.obj (.text:Timer1ACCR0ISRHandler)
                  0000c3c6    0000005e     rts430_eabi.lib : copy_decompress_rle.obj (.text:__TI_decompress_rle_core)
                  0000c424    00000058                     : div32u.obj (.text)
                  0000c47c    0000003c     csl.lib : GPIO_init.obj (.text:GPIO_init)
                  0000c4b8    00000038     Communication.obj (.text:read_cmd)
                  0000c4f0    00000032     csl.lib : BCSplus_init.obj (.text:BCSplus_init)
                  0000c522    0000002c     Communication.obj (.text:USCIA0RXISRHandler)
                  0000c54e    0000002c     rts430_eabi.lib : div16s.obj (.text)
                  0000c57a    00000028     csl.lib : CSL_init.obj (.text:CSL_init)
                  0000c5a2    00000026     ti.targets.msp430.rts430.ae430 : boot.oe430 (.text:_c_int00_noexit)
                  0000c5c8    00000026     PWM_module.obj (.text:pwm_set_percent)
                  0000c5ee    00000026     rts430_eabi.lib : mult32.obj (.text)
                  0000c614    00000024     main.obj (.text:Port1ISRHandler)
                  0000c638    00000024     TASK_manager.obj (.text:task_disable)
                  0000c65c    00000022     csl.lib : USCI_A0_init.obj (.text:USCI_A0_init)
                  0000c67e    00000022     rts430_eabi.lib : mult1632.obj (.text:__mpyul)
                  0000c6a0    0000001e     Communication.obj (.text:serial_putstr)
                  0000c6be    0000001c     csl.lib : ADC10_init.obj (.text:ADC10_init)
                  0000c6da    0000001a             : CSL_init.obj (.text:ADC10_ISR_HOOK)
                  0000c6f4    0000001a             : CSL_init.obj (.text:PORT1_ISR_HOOK)
                  0000c70e    0000001a             : CSL_init.obj (.text:TIMER1_A0_ISR_HOOK)
                  0000c728    0000001a             : CSL_init.obj (.text:USCI0RX_ISR_HOOK)
                  0000c742    00000018     TASK_manager.obj (.text:task_enable)
                  0000c75a    00000018     TASK_manager.obj (.text:task_set_period)
                  0000c772    00000018     ADC_module.obj (.text:voltage)
                  0000c78a    00000016     PWM_module.obj (.text:pwm_set_raw)
                  0000c7a0    00000016     rts430_eabi.lib : div16u.obj (.text)
                  0000c7b6    00000014     csl.lib : Timer0_A3_init.obj (.text:Timer0_A3_init)
                  0000c7ca    00000014             : Timer1_A3_init.obj (.text:Timer1_A3_init)
                  0000c7de    00000014     ADC_module.obj (.text:adc_get_last_result)
                  0000c7f2    00000014     rts430_eabi.lib : copy_zero_init.obj (.text:decompress:ZI:__TI_zero_init)
                  0000c806    00000014                     : mult16.obj (.text)
                  0000c81a    00000012                     : copy_decompress_none.obj (.text:decompress:none:__TI_decompress_none)
                  0000c82c    00000012                     : memcpy.obj (.text:memcpy)
                  0000c83e    00000010                     : epilog.obj (.text)
                  0000c84e    0000000e     TASK_manager.obj (.text:blast_startup)
                  0000c85c    0000000c     ADC_module.obj (.text:ADC10ISRHandler)
                  0000c868    0000000c     csl.lib : System_init.obj (.text:System_init)
                  0000c874    0000000c     Communication.obj (.text:serial_putc)
                  0000c880    00000008     csl.lib : WDTplus_init.obj (.text:WDTplus_init)
                  0000c888    00000008     ADC_module.obj (.text:get_distance)
                  0000c890    00000008     fuzzy.obj (.text:min)
                  0000c898    00000006     ADC_module.obj (.text:adc_start)
                  0000c89e    00000006     rts430_eabi.lib : copy_decompress_rle.obj (.text:decompress:rle24:__TI_decompress_rle24)
                  0000c8a4    00000006     main.obj (.text:led_off)
                  0000c8aa    00000006     main.obj (.text:led_on)
                  0000c8b0    00000004     ti.targets.msp430.rts430.ae430 : pre_init.oe430 (.text:_system_pre_init)
                  0000c8b4    00000004     rts430_eabi.lib : exit.obj (.text:abort)

.const     0    0000c8b8    00000810     
                  0000c8b8    00000800     ADC_module.obj (.const:lookup)
                  0000d0b8    00000010     Interpreter.obj (.const:.string)

.cinit     0    0000d0c8    000000d0     
                  0000d0c8    000000be     (.cinit..data.load) [load image, compression = rle]
                  0000d186    00000006     (__TI_handler_table)
                  0000d18c    00000004     (.cinit..bss.load) [load image, compression = zero_init]
                  0000d190    00000008     (__TI_cinit_table)

PORT1      0    0000ffe4    00000002     
                  0000ffe4    00000002     csl.lib : CSL_init.obj (.int02)

ADC10      0    0000ffea    00000002     
                  0000ffea    00000002     csl.lib : CSL_init.obj (.int05)

USCIAB0RX 
*          0    0000ffee    00000002     
                  0000ffee    00000002     csl.lib : CSL_init.obj (.int07)

TIMER1_A0 
*          0    0000fffa    00000002     
                  0000fffa    00000002     csl.lib : CSL_init.obj (.int13)

.reset     0    0000fffe    00000002     
                  0000fffe    00000002     ti.targets.msp430.rts430.ae430 : boot.oe430 (.reset)


LINKER GENERATED COPY TABLES

__TI_cinit_table @ 0000d190 records: 2, size/record: 4, table size: 8
	.data: load addr=0000d0c8, load size=000000be bytes, run addr=00000200, run size=000000bb bytes, compression=rle
	.bss: load addr=0000d18c, load size=00000004 bytes, run addr=000002bc, run size=0000003e bytes, compression=zero_init


LINKER GENERATED HANDLER TABLE

__TI_handler_table @ 0000d186 records: 3, size/record: 2, table size: 6
	index: 0, handler: __TI_zero_init
	index: 1, handler: __TI_decompress_rle24
	index: 2, handler: __TI_decompress_none


GLOBAL SYMBOLS: SORTED ALPHABETICALLY BY Name 

address    name
--------   ----
0000004a   ADC10AE0
000001b0   ADC10CTL0
000001b2   ADC10CTL1
00000048   ADC10DTC0
00000049   ADC10DTC1
0000c85c   ADC10ISRHandler
000001b4   ADC10MEM
000001bc   ADC10SA
0000c6da   ADC10_ISR_HOOK
0000c6be   ADC10_init
00000057   BCSCTL1
00000058   BCSCTL2
00000053   BCSCTL3
0000c4f0   BCSplus_init
0000c8b4   C$$EXIT
00000059   CACTL1
0000005a   CACTL2
000010fb   CALBC1_12MHZ
000010f9   CALBC1_16MHZ
000010ff   CALBC1_1MHZ
000010fd   CALBC1_8MHZ
000010fa   CALDCO_12MHZ
000010f8   CALDCO_16MHZ
000010fe   CALDCO_1MHZ
000010fc   CALDCO_8MHZ
0000005b   CAPD
0000c57a   CSL_init
00000056   DCOCTL
00000128   FCTL1
0000012a   FCTL2
0000012c   FCTL3
0000c47c   GPIO_init
00000000   IE1
00000001   IE2
00000002   IFG1
00000003   IFG2
00000022   P1DIR
00000025   P1IE
00000024   P1IES
00000023   P1IFG
00000020   P1IN
00000021   P1OUT
00000027   P1REN
00000026   P1SEL
00000041   P1SEL2
0000002a   P2DIR
0000002d   P2IE
0000002c   P2IES
0000002b   P2IFG
00000028   P2IN
00000029   P2OUT
0000002f   P2REN
0000002e   P2SEL
00000042   P2SEL2
0000001a   P3DIR
00000018   P3IN
00000019   P3OUT
00000010   P3REN
0000001b   P3SEL
00000043   P3SEL2
0000c6f4   PORT1_ISR_HOOK
0000c614   Port1ISRHandler
0000c868   System_init
00000172   TA0CCR0
00000174   TA0CCR1
00000176   TA0CCR2
00000162   TA0CCTL0
00000164   TA0CCTL1
00000166   TA0CCTL2
00000160   TA0CTL
0000012e   TA0IV
00000170   TA0R
00000192   TA1CCR0
00000194   TA1CCR1
00000196   TA1CCR2
00000182   TA1CCTL0
00000184   TA1CCTL1
00000186   TA1CCTL2
00000180   TA1CTL
0000011e   TA1IV
00000190   TA1R
0000c70e   TIMER1_A0_ISR_HOOK
0000c7b6   Timer0_A3_init
0000c366   Timer1ACCR0ISRHandler
0000c7ca   Timer1_A3_init
0000005d   UCA0ABCTL
00000062   UCA0BR0
00000063   UCA0BR1
00000060   UCA0CTL0
00000061   UCA0CTL1
0000005f   UCA0IRRCTL
0000005e   UCA0IRTCTL
00000064   UCA0MCTL
00000066   UCA0RXBUF
00000065   UCA0STAT
00000067   UCA0TXBUF
0000006a   UCB0BR0
0000006b   UCB0BR1
00000068   UCB0CTL0
00000069   UCB0CTL1
0000006c   UCB0I2CIE
00000118   UCB0I2COA
0000011a   UCB0I2CSA
0000006e   UCB0RXBUF
0000006d   UCB0STAT
0000006f   UCB0TXBUF
0000c728   USCI0RX_ISR_HOOK
0000c522   USCIA0RXISRHandler
0000c65c   USCI_A0_init
00000120   WDTCTL
0000c880   WDTplus_init
00000000   __ASM__
00000052   __ISA__
00000064   __PLAT__
00000400   __STACK_END
00000040   __STACK_SIZE
00000088   __TARG__
0000d190   __TI_CINIT_Base
0000d198   __TI_CINIT_Limit
0000d186   __TI_Handler_Table_Base
0000d18c   __TI_Handler_Table_Limit
UNDEFED    __TI_INITARRAY_Base
UNDEFED    __TI_INITARRAY_Limit
00000001   __TI_args_main
0000c81a   __TI_decompress_none
0000c89e   __TI_decompress_rle24
00000001   __TI_exit
0000c7f2   __TI_zero_init
000000b4   __TRDR__
ffffffff   __binit__
ffffffff   __c_args__
0000c54e   __mspabi_divi
0000c7a0   __mspabi_divu
0000c424   __mspabi_divul
0000c84a   __mspabi_func_epilog_1
0000c848   __mspabi_func_epilog_2
0000c846   __mspabi_func_epilog_3
0000c844   __mspabi_func_epilog_4
0000c842   __mspabi_func_epilog_5
0000c840   __mspabi_func_epilog_6
0000c83e   __mspabi_func_epilog_7
0000c806   __mspabi_mpyi
0000c5ee   __mspabi_mpyl
0000c67e   __mspabi_mpyul
0000c54e   __mspabi_remi
0000c7a0   __mspabi_remu
0000c424   __mspabi_remul
0000c292   _auto_init
0000c5a2   _c_int00
0000c5a2   _c_int00_noexit
0000fffe   _reset_vector
000003c0   _stack
0000c8b0   _system_pre_init
0000c8b4   abort
0000c7de   adc_get_last_result
0000c898   adc_start
ffffffff   binit
0000c84e   blast_startup
000002ba   btnState
000002de   cmd
000002bc   cmd_buffer
000002b7   cmd_recv
000002d4   digit
0000c168   fuzzy_controller
0000c888   get_distance
0000024c   in1_mf
00000274   in2_mf
000002b6   index_p
0000c000   interpret
0000c8a4   led_off
0000c8aa   led_on
0000c8b8   lookup
0000c2fc   main
0000c21c   map_mf
0000c82c   memcpy
0000c890   min
000002ac   out_mf
0000c5c8   pwm_set_percent
0000c78a   pwm_set_raw
0000c4b8   read_cmd
000002b8   regulatorFlag
000002f8   result
00000200   rules
0000c874   serial_putc
0000c6a0   serial_putstr
000002f6   target
0000029c   task
0000c638   task_disable
0000c742   task_enable
0000c75a   task_set_period
0000c772   voltage
00000000   xdc_runtime_Startup__EXECFXN__C
00000000   xdc_runtime_Startup__RESETFXN__C
00000000   xdc_runtime_Startup_exec__E
00000000   xdc_runtime_Startup_reset__I


GLOBAL SYMBOLS: SORTED BY Symbol Address 

address    name
--------   ----
00000000   IE1
00000000   __ASM__
00000000   xdc_runtime_Startup__EXECFXN__C
00000000   xdc_runtime_Startup__RESETFXN__C
00000000   xdc_runtime_Startup_exec__E
00000000   xdc_runtime_Startup_reset__I
00000001   IE2
00000001   __TI_args_main
00000001   __TI_exit
00000002   IFG1
00000003   IFG2
00000010   P3REN
00000018   P3IN
00000019   P3OUT
0000001a   P3DIR
0000001b   P3SEL
00000020   P1IN
00000021   P1OUT
00000022   P1DIR
00000023   P1IFG
00000024   P1IES
00000025   P1IE
00000026   P1SEL
00000027   P1REN
00000028   P2IN
00000029   P2OUT
0000002a   P2DIR
0000002b   P2IFG
0000002c   P2IES
0000002d   P2IE
0000002e   P2SEL
0000002f   P2REN
00000040   __STACK_SIZE
00000041   P1SEL2
00000042   P2SEL2
00000043   P3SEL2
00000048   ADC10DTC0
00000049   ADC10DTC1
0000004a   ADC10AE0
00000052   __ISA__
00000053   BCSCTL3
00000056   DCOCTL
00000057   BCSCTL1
00000058   BCSCTL2
00000059   CACTL1
0000005a   CACTL2
0000005b   CAPD
0000005d   UCA0ABCTL
0000005e   UCA0IRTCTL
0000005f   UCA0IRRCTL
00000060   UCA0CTL0
00000061   UCA0CTL1
00000062   UCA0BR0
00000063   UCA0BR1
00000064   UCA0MCTL
00000064   __PLAT__
00000065   UCA0STAT
00000066   UCA0RXBUF
00000067   UCA0TXBUF
00000068   UCB0CTL0
00000069   UCB0CTL1
0000006a   UCB0BR0
0000006b   UCB0BR1
0000006c   UCB0I2CIE
0000006d   UCB0STAT
0000006e   UCB0RXBUF
0000006f   UCB0TXBUF
00000088   __TARG__
000000b4   __TRDR__
00000118   UCB0I2COA
0000011a   UCB0I2CSA
0000011e   TA1IV
00000120   WDTCTL
00000128   FCTL1
0000012a   FCTL2
0000012c   FCTL3
0000012e   TA0IV
00000160   TA0CTL
00000162   TA0CCTL0
00000164   TA0CCTL1
00000166   TA0CCTL2
00000170   TA0R
00000172   TA0CCR0
00000174   TA0CCR1
00000176   TA0CCR2
00000180   TA1CTL
00000182   TA1CCTL0
00000184   TA1CCTL1
00000186   TA1CCTL2
00000190   TA1R
00000192   TA1CCR0
00000194   TA1CCR1
00000196   TA1CCR2
000001b0   ADC10CTL0
000001b2   ADC10CTL1
000001b4   ADC10MEM
000001bc   ADC10SA
00000200   rules
0000024c   in1_mf
00000274   in2_mf
0000029c   task
000002ac   out_mf
000002b6   index_p
000002b7   cmd_recv
000002b8   regulatorFlag
000002ba   btnState
000002bc   cmd_buffer
000002d4   digit
000002de   cmd
000002f6   target
000002f8   result
000003c0   _stack
00000400   __STACK_END
000010f8   CALDCO_16MHZ
000010f9   CALBC1_16MHZ
000010fa   CALDCO_12MHZ
000010fb   CALBC1_12MHZ
000010fc   CALDCO_8MHZ
000010fd   CALBC1_8MHZ
000010fe   CALDCO_1MHZ
000010ff   CALBC1_1MHZ
0000c000   interpret
0000c168   fuzzy_controller
0000c21c   map_mf
0000c292   _auto_init
0000c2fc   main
0000c366   Timer1ACCR0ISRHandler
0000c424   __mspabi_divul
0000c424   __mspabi_remul
0000c47c   GPIO_init
0000c4b8   read_cmd
0000c4f0   BCSplus_init
0000c522   USCIA0RXISRHandler
0000c54e   __mspabi_divi
0000c54e   __mspabi_remi
0000c57a   CSL_init
0000c5a2   _c_int00
0000c5a2   _c_int00_noexit
0000c5c8   pwm_set_percent
0000c5ee   __mspabi_mpyl
0000c614   Port1ISRHandler
0000c638   task_disable
0000c65c   USCI_A0_init
0000c67e   __mspabi_mpyul
0000c6a0   serial_putstr
0000c6be   ADC10_init
0000c6da   ADC10_ISR_HOOK
0000c6f4   PORT1_ISR_HOOK
0000c70e   TIMER1_A0_ISR_HOOK
0000c728   USCI0RX_ISR_HOOK
0000c742   task_enable
0000c75a   task_set_period
0000c772   voltage
0000c78a   pwm_set_raw
0000c7a0   __mspabi_divu
0000c7a0   __mspabi_remu
0000c7b6   Timer0_A3_init
0000c7ca   Timer1_A3_init
0000c7de   adc_get_last_result
0000c7f2   __TI_zero_init
0000c806   __mspabi_mpyi
0000c81a   __TI_decompress_none
0000c82c   memcpy
0000c83e   __mspabi_func_epilog_7
0000c840   __mspabi_func_epilog_6
0000c842   __mspabi_func_epilog_5
0000c844   __mspabi_func_epilog_4
0000c846   __mspabi_func_epilog_3
0000c848   __mspabi_func_epilog_2
0000c84a   __mspabi_func_epilog_1
0000c84e   blast_startup
0000c85c   ADC10ISRHandler
0000c868   System_init
0000c874   serial_putc
0000c880   WDTplus_init
0000c888   get_distance
0000c890   min
0000c898   adc_start
0000c89e   __TI_decompress_rle24
0000c8a4   led_off
0000c8aa   led_on
0000c8b0   _system_pre_init
0000c8b4   C$$EXIT
0000c8b4   abort
0000c8b8   lookup
0000d186   __TI_Handler_Table_Base
0000d18c   __TI_Handler_Table_Limit
0000d190   __TI_CINIT_Base
0000d198   __TI_CINIT_Limit
0000fffe   _reset_vector
ffffffff   __binit__
ffffffff   __c_args__
ffffffff   binit
UNDEFED    __TI_INITARRAY_Base
UNDEFED    __TI_INITARRAY_Limit

[195 symbols]
