******************************************************************************
                  MSP430 Linker PC v4.1.1                      
******************************************************************************
>> Linked Tue Dec 11 15:15:46 2012

OUTPUT FILE NAME:   <gamma.out>
ENTRY POINT SYMBOL: "_c_int00"  address: 0000c784


MEMORY CONFIGURATION

         name            origin    length      used     unused   attr    fill
----------------------  --------  ---------  --------  --------  ----  --------
  SFR                   00000000   00000010  00000000  00000010  RWIX
  PERIPHERALS_8BIT      00000010   000000f0  00000000  000000f0  RWIX
  PERIPHERALS_16BIT     00000100   00000100  00000000  00000100  RWIX
  RAM                   00000200   00000200  00000153  000000ad  RWIX
  INFOD                 00001000   00000040  00000000  00000040  RWIX
  INFOC                 00001040   00000040  00000000  00000040  RWIX
  INFOB                 00001080   00000040  00000000  00000040  RWIX
  INFOA                 000010c0   00000040  00000000  00000040  RWIX
  FLASH                 0000c000   00003fe0  000013c4  00002c1c  RWIX
  INT00                 0000ffe0   00000002  00000000  00000002  RWIX
  INT01                 0000ffe2   00000002  00000000  00000002  RWIX
  INT02                 0000ffe4   00000002  00000002  00000000  RWIX
  INT03                 0000ffe6   00000002  00000000  00000002  RWIX
  INT04                 0000ffe8   00000002  00000000  00000002  RWIX
  INT05                 0000ffea   00000002  00000002  00000000  RWIX
  INT06                 0000ffec   00000002  00000000  00000002  RWIX
  INT07                 0000ffee   00000002  00000002  00000000  RWIX
  INT08                 0000fff0   00000002  00000000  00000002  RWIX
  INT09                 0000fff2   00000002  00000000  00000002  RWIX
  INT10                 0000fff4   00000002  00000000  00000002  RWIX
  INT11                 0000fff6   00000002  00000000  00000002  RWIX
  INT12                 0000fff8   00000002  00000000  00000002  RWIX
  INT13                 0000fffa   00000002  00000002  00000000  RWIX
  INT14                 0000fffc   00000002  00000000  00000002  RWIX
  RESET                 0000fffe   00000002  00000002  00000000  RWIX


SECTION ALLOCATION MAP

 output                                  attributes/
section   page    origin      length       input sections
--------  ----  ----------  ----------   ----------------
xdc.meta   0    00000000    000000dc     COPY SECTION
                  00000000    000000dc     main_pe430.oe430 (xdc.meta)

.init_array 
*          0    0000c000    00000000     UNINITIALIZED

.data      0    00000200    000000cd     
                  00000200    0000004b     fuzzy.obj (.data:rules)
                  0000024b    00000001     --HOLE--
                  0000024c    00000028     fuzzy.obj (.data:in1_mf)
                  00000274    00000028     fuzzy.obj (.data:in2_mf)
                  0000029c    00000020     TASK_manager.obj (.data:task)
                  000002bc    0000000a     fuzzy.obj (.data:out_mf)
                  000002c6    00000003     ADC_module.obj (.data)
                  000002c9    00000001     --HOLE--
                  000002ca    00000002     Communication.obj (.data)
                  000002cc    00000001     main.obj (.data)

.TI.persistent 
*          0    00000200    00000000     UNINITIALIZED

.bss       0    000002ce    00000046     UNINITIALIZED
                  000002ce    00000022     Communication.obj (.bss)
                  000002f0    0000001a     main.obj (.bss)
                  0000030a    0000000a     ADC_module.obj (.bss)

.TI.noinit 
*          0    000002ce    00000000     UNINITIALIZED

.stack     0    000003c0    00000040     UNINITIALIZED
                  000003c0    00000002     ti.targets.msp430.rts430.ae430 : boot.oe430 (.stack)
                  000003c2    0000003e     --HOLE--

.text      0    0000c000    00000acc     
                  0000c000    000001b4     Interpreter.obj (.text:interpret)
                  0000c1b4    000000b4     fuzzy.obj (.text:fuzzy_controller)
                  0000c268    00000090     Communication.obj (.text:serial_putnr)
                  0000c2f8    00000076     fuzzy.obj (.text:map_mf)
                  0000c36e    0000006a     ti.targets.msp430.rts430.ae430 : autoinit.oe430 (.text:_auto_init)
                  0000c3d8    0000006a     main.obj (.text:main)
                  0000c442    00000060     TASK_manager.obj (.text:Timer1ACCR0ISRHandler)
                  0000c4a2    0000005e     rts430_eabi.lib : copy_decompress_rle.obj (.text:__TI_decompress_rle_core)
                  0000c500    00000058                     : div32u.obj (.text)
                  0000c558    00000040                     : div32s.obj (.text)
                  0000c598    0000003c     csl.lib : GPIO_init.obj (.text:GPIO_init)
                  0000c5d4    00000038     Communication.obj (.text:read_cmd)
                  0000c60c    00000036     Communication.obj (.text:serial_put_signal)
                  0000c642    00000034     ADC_module.obj (.text:adc_get_avg_result)
                  0000c676    00000032     csl.lib : BCSplus_init.obj (.text:BCSplus_init)
                  0000c6a8    00000030     TASK_manager.obj (.text:task_test1)
                  0000c6d8    0000002c     Communication.obj (.text:USCIA0RXISRHandler)
                  0000c704    0000002c     ADC_module.obj (.text:get_speed)
                  0000c730    0000002c     rts430_eabi.lib : div16s.obj (.text)
                  0000c75c    00000028     csl.lib : CSL_init.obj (.text:CSL_init)
                  0000c784    00000026     ti.targets.msp430.rts430.ae430 : boot.oe430 (.text:_c_int00_noexit)
                  0000c7aa    00000026     PWM_module.obj (.text:pwm_set_percent)
                  0000c7d0    00000026     rts430_eabi.lib : mult32.obj (.text)
                  0000c7f6    00000024     main.obj (.text:Port1ISRHandler)
                  0000c81a    00000024     TASK_manager.obj (.text:task_disable)
                  0000c83e    00000022     csl.lib : USCI_A0_init.obj (.text:USCI_A0_init)
                  0000c860    00000022     rts430_eabi.lib : mult1632.obj (.text:__mpyul)
                  0000c882    00000022     ADC_module.obj (.text:potentiometer)
                  0000c8a4    0000001e     Communication.obj (.text:serial_putstr)
                  0000c8c2    0000001c     csl.lib : ADC10_init.obj (.text:ADC10_init)
                  0000c8de    0000001a             : CSL_init.obj (.text:ADC10_ISR_HOOK)
                  0000c8f8    0000001a             : CSL_init.obj (.text:PORT1_ISR_HOOK)
                  0000c912    0000001a             : CSL_init.obj (.text:TIMER1_A0_ISR_HOOK)
                  0000c92c    0000001a             : CSL_init.obj (.text:USCI0RX_ISR_HOOK)
                  0000c946    00000018     TASK_manager.obj (.text:task_enable)
                  0000c95e    00000018     TASK_manager.obj (.text:task_set_period)
                  0000c976    00000018     ADC_module.obj (.text:voltage)
                  0000c98e    00000016     PWM_module.obj (.text:pwm_set_raw)
                  0000c9a4    00000016     rts430_eabi.lib : div16u.obj (.text)
                  0000c9ba    00000014     csl.lib : Timer0_A3_init.obj (.text:Timer0_A3_init)
                  0000c9ce    00000014             : Timer1_A3_init.obj (.text:Timer1_A3_init)
                  0000c9e2    00000014     ADC_module.obj (.text:adc_get_last_result)
                  0000c9f6    00000014     rts430_eabi.lib : copy_zero_init.obj (.text:decompress:ZI:__TI_zero_init)
                  0000ca0a    00000014                     : mult16.obj (.text)
                  0000ca1e    00000012                     : copy_decompress_none.obj (.text:decompress:none:__TI_decompress_none)
                  0000ca30    00000012                     : memcpy.obj (.text:memcpy)
                  0000ca42    00000010                     : epilog.obj (.text)
                  0000ca52    00000010     ADC_module.obj (.text:set_sample_size)
                  0000ca62    0000000e     TASK_manager.obj (.text:task_test2)
                  0000ca70    0000000c     ADC_module.obj (.text:ADC10ISRHandler)
                  0000ca7c    0000000c     csl.lib : System_init.obj (.text:System_init)
                  0000ca88    0000000c     Communication.obj (.text:serial_putc)
                  0000ca94    00000008     csl.lib : WDTplus_init.obj (.text:WDTplus_init)
                  0000ca9c    00000008     ADC_module.obj (.text:get_distance)
                  0000caa4    00000008     fuzzy.obj (.text:min)
                  0000caac    00000006     ADC_module.obj (.text:adc_start)
                  0000cab2    00000006     rts430_eabi.lib : copy_decompress_rle.obj (.text:decompress:rle24:__TI_decompress_rle24)
                  0000cab8    00000006     main.obj (.text:led_off)
                  0000cabe    00000006     main.obj (.text:led_on)
                  0000cac4    00000004     ti.targets.msp430.rts430.ae430 : pre_init.oe430 (.text:_system_pre_init)
                  0000cac8    00000004     rts430_eabi.lib : exit.obj (.text:abort)

.const     0    0000cacc    00000818     
                  0000cacc    00000800     ADC_module.obj (.const:lookup)
                  0000d2cc    00000010     Interpreter.obj (.const:.string)
                  0000d2dc    00000004     Communication.obj (.const:.string)
                  0000d2e0    00000004     TASK_manager.obj (.const:.string)

.cinit     0    0000d2e4    000000e0     
                  0000d2e4    000000ce     (.cinit..data.load) [load image, compression = rle]
                  0000d3b2    00000006     (__TI_handler_table)
                  0000d3b8    00000004     (.cinit..bss.load) [load image, compression = zero_init]
                  0000d3bc    00000008     (__TI_cinit_table)

PORT1      0    0000ffe4    00000002     
                  0000ffe4    00000002     csl.lib : CSL_init.obj (.int02)

ADC10      0    0000ffea    00000002     
                  0000ffea    00000002     csl.lib : CSL_init.obj (.int05)

USCIAB0RX 
*          0    0000ffee    00000002     
                  0000ffee    00000002     csl.lib : CSL_init.obj (.int07)

TIMER1_A0 
*          0    0000fffa    00000002     
                  0000fffa    00000002     csl.lib : CSL_init.obj (.int13)

.reset     0    0000fffe    00000002     
                  0000fffe    00000002     ti.targets.msp430.rts430.ae430 : boot.oe430 (.reset)


LINKER GENERATED COPY TABLES

__TI_cinit_table @ 0000d3bc records: 2, size/record: 4, table size: 8
	.data: load addr=0000d2e4, load size=000000ce bytes, run addr=00000200, run size=000000cd bytes, compression=rle
	.bss: load addr=0000d3b8, load size=00000004 bytes, run addr=000002ce, run size=00000046 bytes, compression=zero_init


LINKER GENERATED HANDLER TABLE

__TI_handler_table @ 0000d3b2 records: 3, size/record: 2, table size: 6
	index: 0, handler: __TI_zero_init
	index: 1, handler: __TI_decompress_rle24
	index: 2, handler: __TI_decompress_none


GLOBAL SYMBOLS: SORTED ALPHABETICALLY BY Name 

address    name
--------   ----
0000004a   ADC10AE0
000001b0   ADC10CTL0
000001b2   ADC10CTL1
00000048   ADC10DTC0
00000049   ADC10DTC1
0000ca70   ADC10ISRHandler
000001b4   ADC10MEM
000001bc   ADC10SA
0000c8de   ADC10_ISR_HOOK
0000c8c2   ADC10_init
00000057   BCSCTL1
00000058   BCSCTL2
00000053   BCSCTL3
0000c676   BCSplus_init
0000cac8   C$$EXIT
00000059   CACTL1
0000005a   CACTL2
000010fb   CALBC1_12MHZ
000010f9   CALBC1_16MHZ
000010ff   CALBC1_1MHZ
000010fd   CALBC1_8MHZ
000010fa   CALDCO_12MHZ
000010f8   CALDCO_16MHZ
000010fe   CALDCO_1MHZ
000010fc   CALDCO_8MHZ
0000005b   CAPD
0000c75c   CSL_init
00000056   DCOCTL
00000128   FCTL1
0000012a   FCTL2
0000012c   FCTL3
0000c598   GPIO_init
00000000   IE1
00000001   IE2
00000002   IFG1
00000003   IFG2
00000022   P1DIR
00000025   P1IE
00000024   P1IES
00000023   P1IFG
00000020   P1IN
00000021   P1OUT
00000027   P1REN
00000026   P1SEL
00000041   P1SEL2
0000002a   P2DIR
0000002d   P2IE
0000002c   P2IES
0000002b   P2IFG
00000028   P2IN
00000029   P2OUT
0000002f   P2REN
0000002e   P2SEL
00000042   P2SEL2
0000001a   P3DIR
00000018   P3IN
00000019   P3OUT
00000010   P3REN
0000001b   P3SEL
00000043   P3SEL2
0000c8f8   PORT1_ISR_HOOK
0000c7f6   Port1ISRHandler
0000ca7c   System_init
00000172   TA0CCR0
00000174   TA0CCR1
00000176   TA0CCR2
00000162   TA0CCTL0
00000164   TA0CCTL1
00000166   TA0CCTL2
00000160   TA0CTL
0000012e   TA0IV
00000170   TA0R
00000192   TA1CCR0
00000194   TA1CCR1
00000196   TA1CCR2
00000182   TA1CCTL0
00000184   TA1CCTL1
00000186   TA1CCTL2
00000180   TA1CTL
0000011e   TA1IV
00000190   TA1R
0000c912   TIMER1_A0_ISR_HOOK
0000c9ba   Timer0_A3_init
0000c442   Timer1ACCR0ISRHandler
0000c9ce   Timer1_A3_init
0000005d   UCA0ABCTL
00000062   UCA0BR0
00000063   UCA0BR1
00000060   UCA0CTL0
00000061   UCA0CTL1
0000005f   UCA0IRRCTL
0000005e   UCA0IRTCTL
00000064   UCA0MCTL
00000066   UCA0RXBUF
00000065   UCA0STAT
00000067   UCA0TXBUF
0000006a   UCB0BR0
0000006b   UCB0BR1
00000068   UCB0CTL0
00000069   UCB0CTL1
0000006c   UCB0I2CIE
00000118   UCB0I2COA
0000011a   UCB0I2CSA
0000006e   UCB0RXBUF
0000006d   UCB0STAT
0000006f   UCB0TXBUF
0000c92c   USCI0RX_ISR_HOOK
0000c6d8   USCIA0RXISRHandler
0000c83e   USCI_A0_init
00000120   WDTCTL
0000ca94   WDTplus_init
00000000   __ASM__
00000052   __ISA__
00000064   __PLAT__
00000400   __STACK_END
00000040   __STACK_SIZE
00000088   __TARG__
0000d3bc   __TI_CINIT_Base
0000d3c4   __TI_CINIT_Limit
0000d3b2   __TI_Handler_Table_Base
0000d3b8   __TI_Handler_Table_Limit
UNDEFED    __TI_INITARRAY_Base
UNDEFED    __TI_INITARRAY_Limit
00000001   __TI_args_main
0000ca1e   __TI_decompress_none
0000cab2   __TI_decompress_rle24
00000001   __TI_exit
0000c9f6   __TI_zero_init
000000b4   __TRDR__
ffffffff   __binit__
ffffffff   __c_args__
0000c730   __mspabi_divi
0000c558   __mspabi_divli
0000c9a4   __mspabi_divu
0000c500   __mspabi_divul
0000ca4e   __mspabi_func_epilog_1
0000ca4c   __mspabi_func_epilog_2
0000ca4a   __mspabi_func_epilog_3
0000ca48   __mspabi_func_epilog_4
0000ca46   __mspabi_func_epilog_5
0000ca44   __mspabi_func_epilog_6
0000ca42   __mspabi_func_epilog_7
0000ca0a   __mspabi_mpyi
0000c7d0   __mspabi_mpyl
0000c860   __mspabi_mpyul
0000c730   __mspabi_remi
0000c558   __mspabi_remli
0000c9a4   __mspabi_remu
0000c500   __mspabi_remul
0000c36e   _auto_init
0000c784   _c_int00
0000c784   _c_int00_noexit
0000fffe   _reset_vector
000003c0   _stack
0000cac4   _system_pre_init
0000cac8   abort
0000030e   adc_buffer
0000c642   adc_get_avg_result
0000c9e2   adc_get_last_result
0000caac   adc_start
000002c8   b_pointer
ffffffff   binit
000002cc   btnState
000002f0   cmd
000002ce   cmd_buffer
000002cb   cmd_recv
00000312   current_speed
000002e6   digit
0000c1b4   fuzzy_controller
0000ca9c   get_distance
0000c704   get_speed
0000024c   in1_mf
00000274   in2_mf
000002ca   index_p
0000c000   interpret
0000cab8   led_off
0000cabe   led_on
0000cacc   lookup
0000c3d8   main
0000c2f8   map_mf
0000ca30   memcpy
0000caa4   min
000002c7   nr_samples
000002bc   out_mf
0000c882   potentiometer
0000c7aa   pwm_set_percent
0000c98e   pwm_set_raw
0000c5d4   read_cmd
000002c6   regulatorFlag
0000030a   result
0000030c   result_tmp
00000200   rules
0000c60c   serial_put_signal
0000ca88   serial_putc
0000c268   serial_putnr
0000c8a4   serial_putstr
0000ca52   set_sample_size
00000310   speed_buffer
00000308   target
0000029c   task
0000c81a   task_disable
0000c946   task_enable
0000c95e   task_set_period
0000c6a8   task_test1
0000ca62   task_test2
0000c976   voltage
00000000   xdc_runtime_Startup__EXECFXN__C
00000000   xdc_runtime_Startup__RESETFXN__C
00000000   xdc_runtime_Startup_exec__E
00000000   xdc_runtime_Startup_reset__I


GLOBAL SYMBOLS: SORTED BY Symbol Address 

address    name
--------   ----
00000000   IE1
00000000   __ASM__
00000000   xdc_runtime_Startup__EXECFXN__C
00000000   xdc_runtime_Startup__RESETFXN__C
00000000   xdc_runtime_Startup_exec__E
00000000   xdc_runtime_Startup_reset__I
00000001   IE2
00000001   __TI_args_main
00000001   __TI_exit
00000002   IFG1
00000003   IFG2
00000010   P3REN
00000018   P3IN
00000019   P3OUT
0000001a   P3DIR
0000001b   P3SEL
00000020   P1IN
00000021   P1OUT
00000022   P1DIR
00000023   P1IFG
00000024   P1IES
00000025   P1IE
00000026   P1SEL
00000027   P1REN
00000028   P2IN
00000029   P2OUT
0000002a   P2DIR
0000002b   P2IFG
0000002c   P2IES
0000002d   P2IE
0000002e   P2SEL
0000002f   P2REN
00000040   __STACK_SIZE
00000041   P1SEL2
00000042   P2SEL2
00000043   P3SEL2
00000048   ADC10DTC0
00000049   ADC10DTC1
0000004a   ADC10AE0
00000052   __ISA__
00000053   BCSCTL3
00000056   DCOCTL
00000057   BCSCTL1
00000058   BCSCTL2
00000059   CACTL1
0000005a   CACTL2
0000005b   CAPD
0000005d   UCA0ABCTL
0000005e   UCA0IRTCTL
0000005f   UCA0IRRCTL
00000060   UCA0CTL0
00000061   UCA0CTL1
00000062   UCA0BR0
00000063   UCA0BR1
00000064   UCA0MCTL
00000064   __PLAT__
00000065   UCA0STAT
00000066   UCA0RXBUF
00000067   UCA0TXBUF
00000068   UCB0CTL0
00000069   UCB0CTL1
0000006a   UCB0BR0
0000006b   UCB0BR1
0000006c   UCB0I2CIE
0000006d   UCB0STAT
0000006e   UCB0RXBUF
0000006f   UCB0TXBUF
00000088   __TARG__
000000b4   __TRDR__
00000118   UCB0I2COA
0000011a   UCB0I2CSA
0000011e   TA1IV
00000120   WDTCTL
00000128   FCTL1
0000012a   FCTL2
0000012c   FCTL3
0000012e   TA0IV
00000160   TA0CTL
00000162   TA0CCTL0
00000164   TA0CCTL1
00000166   TA0CCTL2
00000170   TA0R
00000172   TA0CCR0
00000174   TA0CCR1
00000176   TA0CCR2
00000180   TA1CTL
00000182   TA1CCTL0
00000184   TA1CCTL1
00000186   TA1CCTL2
00000190   TA1R
00000192   TA1CCR0
00000194   TA1CCR1
00000196   TA1CCR2
000001b0   ADC10CTL0
000001b2   ADC10CTL1
000001b4   ADC10MEM
000001bc   ADC10SA
00000200   rules
0000024c   in1_mf
00000274   in2_mf
0000029c   task
000002bc   out_mf
000002c6   regulatorFlag
000002c7   nr_samples
000002c8   b_pointer
000002ca   index_p
000002cb   cmd_recv
000002cc   btnState
000002ce   cmd_buffer
000002e6   digit
000002f0   cmd
00000308   target
0000030a   result
0000030c   result_tmp
0000030e   adc_buffer
00000310   speed_buffer
00000312   current_speed
000003c0   _stack
00000400   __STACK_END
000010f8   CALDCO_16MHZ
000010f9   CALBC1_16MHZ
000010fa   CALDCO_12MHZ
000010fb   CALBC1_12MHZ
000010fc   CALDCO_8MHZ
000010fd   CALBC1_8MHZ
000010fe   CALDCO_1MHZ
000010ff   CALBC1_1MHZ
0000c000   interpret
0000c1b4   fuzzy_controller
0000c268   serial_putnr
0000c2f8   map_mf
0000c36e   _auto_init
0000c3d8   main
0000c442   Timer1ACCR0ISRHandler
0000c500   __mspabi_divul
0000c500   __mspabi_remul
0000c558   __mspabi_divli
0000c558   __mspabi_remli
0000c598   GPIO_init
0000c5d4   read_cmd
0000c60c   serial_put_signal
0000c642   adc_get_avg_result
0000c676   BCSplus_init
0000c6a8   task_test1
0000c6d8   USCIA0RXISRHandler
0000c704   get_speed
0000c730   __mspabi_divi
0000c730   __mspabi_remi
0000c75c   CSL_init
0000c784   _c_int00
0000c784   _c_int00_noexit
0000c7aa   pwm_set_percent
0000c7d0   __mspabi_mpyl
0000c7f6   Port1ISRHandler
0000c81a   task_disable
0000c83e   USCI_A0_init
0000c860   __mspabi_mpyul
0000c882   potentiometer
0000c8a4   serial_putstr
0000c8c2   ADC10_init
0000c8de   ADC10_ISR_HOOK
0000c8f8   PORT1_ISR_HOOK
0000c912   TIMER1_A0_ISR_HOOK
0000c92c   USCI0RX_ISR_HOOK
0000c946   task_enable
0000c95e   task_set_period
0000c976   voltage
0000c98e   pwm_set_raw
0000c9a4   __mspabi_divu
0000c9a4   __mspabi_remu
0000c9ba   Timer0_A3_init
0000c9ce   Timer1_A3_init
0000c9e2   adc_get_last_result
0000c9f6   __TI_zero_init
0000ca0a   __mspabi_mpyi
0000ca1e   __TI_decompress_none
0000ca30   memcpy
0000ca42   __mspabi_func_epilog_7
0000ca44   __mspabi_func_epilog_6
0000ca46   __mspabi_func_epilog_5
0000ca48   __mspabi_func_epilog_4
0000ca4a   __mspabi_func_epilog_3
0000ca4c   __mspabi_func_epilog_2
0000ca4e   __mspabi_func_epilog_1
0000ca52   set_sample_size
0000ca62   task_test2
0000ca70   ADC10ISRHandler
0000ca7c   System_init
0000ca88   serial_putc
0000ca94   WDTplus_init
0000ca9c   get_distance
0000caa4   min
0000caac   adc_start
0000cab2   __TI_decompress_rle24
0000cab8   led_off
0000cabe   led_on
0000cac4   _system_pre_init
0000cac8   C$$EXIT
0000cac8   abort
0000cacc   lookup
0000d3b2   __TI_Handler_Table_Base
0000d3b8   __TI_Handler_Table_Limit
0000d3bc   __TI_CINIT_Base
0000d3c4   __TI_CINIT_Limit
0000fffe   _reset_vector
ffffffff   __binit__
ffffffff   __c_args__
ffffffff   binit
UNDEFED    __TI_INITARRAY_Base
UNDEFED    __TI_INITARRAY_Limit

[210 symbols]
